111.26.181.152 - - [11/Nov/2016:00:00:59 +0800] "GET /static/component/logic/chat/im.js?v=201611082232 HTTP/1.1" 200 2340 "www.imooc.com" "http://www.imooc.com/learn/383" - "Mozilla/4.0 (compatible; MSIE 8.0; Windows NT 5.1; WOW64; Trident/4.0; SLCC2; .NET CLR 2.0.50727; .NET CLR 3.5.30729; .NET CLR 3.0.30729; Media Center PC 6.0; .NET4.0C; .NET4.0E; {D9D54F49-E51C-445e-92F2-1EE3C2313240}; 360SE)" "-" 10.100.134.244:80 200 0.002 0.002
10.100.0.1 - - [11/Nov/2016:00:00:59 +0800] "HEAD / HTTP/1.1" 301 0 "117.121.101.40" "-" - "curl/7.19.7 (x86_64-redhat-linux-gnu) libcurl/7.19.7 NSS/3.16.2.3 Basic ECC zlib/1.2.3 libidn/1.18 libssh2/1.4.2" "-" - - - 0.000
14.213.156.92 - - [11/Nov/2016:00:00:59 +0800] "POST /socket.io/1/ HTTP/1.1" 200 94 "chat.mukewang.com" "-" - "android-websockets-2.0" "-" 10.100.15.239:80 200 0.003 0.003
111.26.181.152 - - [11/Nov/2016:00:00:59 +0800] "GET /static/page/course/learn.js?v=201611082232 HTTP/1.1" 200 6162 "www.imooc.com" "http://www.imooc.com/learn/383" - "Mozilla/4.0 (compatible; MSIE 8.0; Windows NT 5.1; WOW64; Trident/4.0; SLCC2; .NET CLR 2.0.50727; .NET CLR 3.5.30729; .NET CLR 3.0.30729; Media Center PC 6.0; .NET4.0C; .NET4.0E; {D9D54F49-E51C-445e-92F2-1EE3C2313240}; 360SE)" "-" 10.100.136.64:80 200 0.001 0.001
10.100.0.1 - - [11/Nov/2016:00:00:59 +0800] "HEAD / HTTP/1.1" 301 0 "117.121.101.40" "-" - "curl/7.19.7 (x86_64-redhat-linux-gnu) libcurl/7.19.7 NSS/3.16.2.3 Basic ECC zlib/1.2.3 libidn/1.18 libssh2/1.4.2" "-" - - - 0.000
10.100.0.1 - - [11/Nov/2016:00:00:59 +0800] "HEAD / HTTP/1.1" 301 0 "117.121.101.40" "-" - "curl/7.19.7 (x86_64-redhat-linux-gnu) libcurl/7.19.7 NSS/3.16.2.3 Basic ECC zlib/1.2.3 libidn/1.18 libssh2/1.4.2" "-" - - - 0.000
10.100.0.1 - - [11/Nov/2016:00:00:59 +0800] "HEAD / HTTP/1.1" 301 0 "117.121.101.40" "-" - "curl/7.19.7 (x86_64-redhat-linux-gnu) libcurl/7.19.7 NSS/3.16.2.3 Basic ECC zlib/1.2.3 libidn/1.18 libssh2/1.4.2" "-" - - - 0.000
39.178.146.27 - - [11/Nov/2016:00:00:59 +0800] "POST /course/ajaxmediauser HTTP/1.1" 200 54 "www.imooc.com" "http://www.imooc.com/ceping/1332" mid=1332&time=60 "Mozilla/5.0 (Windows NT 6.1; WOW64) AppleWebKit/537.36 (KHTML, like Gecko) Chrome/47.0.2526.108 Safari/537.36 2345Explorer/7.2.0.13379" "-" 10.100.134.244:80 200 0.034 0.034
10.100.0.1 - - [11/Nov/2016:00:00:59 +0800] "HEAD / HTTP/1.1" 301 0 "117.121.101.40" "-" - "curl/7.19.7 (x86_64-redhat-linux-gnu) libcurl/7.19.7 NSS/3.16.2.3 Basic ECC zlib/1.2.3 libidn/1.18 libssh2/1.4.2" "-" - - - 0.000
1.80.146.99 - - [11/Nov/2016:00:00:59 +0800] "GET /static/img/home/iOS.png?t=1 HTTP/1.1" 304 0 "www.imooc.com" "http://www.imooc.com/" - "Mozilla/5.0 (Windows NT 6.3; WOW64) AppleWebKit/537.36 (KHTML, like Gecko) Chrome/38.0.2125.122 Safari/537.36 SE 2.X MetaSr 1.0" "-" 10.100.136.65:80 304 0.002 0.002
1.80.146.99 - - [11/Nov/2016:00:00:59 +0800] "GET /static/img/home/Linux.png?t=1 HTTP/1.1" 304 0 "www.imooc.com" "http://www.imooc.com/" - "Mozilla/5.0 (Windows NT 6.3; WOW64) AppleWebKit/537.36 (KHTML, like Gecko) Chrome/38.0.2125.122 Safari/537.36 SE 2.X MetaSr 1.0" "-" 10.100.136.64:80 304 0.001 0.001
111.26.181.152 - - [11/Nov/2016:00:00:59 +0800] "GET /static/lib/socket.io/1.3.5/socket.io.min.js?v=201611082232 HTTP/1.1" 200 91538 "www.imooc.com" "http://www.imooc.com/learn/383" - "Mozilla/4.0 (compatible; MSIE 8.0; Windows NT 5.1; WOW64; Trident/4.0; SLCC2; .NET CLR 2.0.50727; .NET CLR 3.5.30729; .NET CLR 3.0.30729; Media Center PC 6.0; .NET4.0C; .NET4.0E; {D9D54F49-E51C-445e-92F2-1EE3C2313240}; 360SE)" "-" 10.100.136.65:80 200 0.004 0.004
1.80.146.99 - - [11/Nov/2016:00:00:59 +0800] "GET /static/img/home/Android.png?t=1 HTTP/1.1" 304 0 "www.imooc.com" "http://www.imooc.com/" - "Mozilla/5.0 (Windows NT 6.3; WOW64) AppleWebKit/537.36 (KHTML, like Gecko) Chrome/38.0.2125.122 Safari/537.36 SE 2.X MetaSr 1.0" "-" 10.100.136.64:80 304 0.006 0.006
218.88.170.165 - - [11/Nov/2016:00:00:59 +0800] "GET /m/css/common/share.css HTTP/1.1" 200 498 "www.imooc.com" "http://www.imooc.com/m/wap/article/articleList.html" - "Mozilla/5.0 (Linux; U; Android 4.2.2; zh-cn; H30-T10 Build/HuaweiH30-T10) AppleWebKit/534.30 (KHTML, like Gecko) Version/4.0 Mobile Safari/534.30mukewang/5.0.1 (Android 4.2.2; Huawei H30-T10 Build/HuaweiH30-T10),Network WIFI" "-" 10.100.136.65:80 200 0.004 0.004
10.100.0.1 - - [11/Nov/2016:00:00:59 +0800] "HEAD / HTTP/1.1" 301 0 "117.121.101.40" "-" - "curl/7.19.7 (x86_64-redhat-linux-gnu) libcurl/7.19.7 NSS/3.16.2.3 Basic ECC zlib/1.2.3 libidn/1.18 libssh2/1.4.2" "-" - - - 0.000
101.200.101.207 - - [11/Nov/2016:00:00:59 +0800] "GET /md5/b9bcedb0-4a8f-4f69-a997-181fe4097fc6/M/a0a6e5944eba2cbd.ts HTTP/1.1" 304 0 "szv1.mukewang.com" "-" - "mukewang/5.0.2.1611033 CFNetwork/808.1.4 Darwin/16.1.0" "14.125.85.219" 10.100.133.99:80 304 0.004 0.004
183.60.162.91 - - [11/Nov/2016:00:00:59 +0800] "POST /socket.io/1/ HTTP/1.1" 200 94 "chat.mukewang.com" "-" - "android-websockets-2.0" "-" 10.100.15.239:80 200 0.004 0.004
183.12.64.27 - - [11/Nov/2016:00:00:59 +0800] "POST /course/ajaxmediauser/ HTTP/1.1" 200 67 "www.imooc.com" "http://www.imooc.com/video/3173" mid=3173&time=2.5850000000000364&learn_time=658.1 "Mozilla/5.0 (Windows NT 6.1; Win64; x64) AppleWebKit/537.36 (KHTML, like Gecko) Chrome/54.0.2840.87 Safari/537.36" "-" 10.100.136.65:80 200 0.016 0.016
218.88.170.165 - - [11/Nov/2016:00:00:59 +0800] "GET /m/less/article/list.css HTTP/1.1" 200 915 "www.imooc.com" "http://www.imooc.com/m/wap/article/articleList.html" - "Mozilla/5.0 (Linux; U; Android 4.2.2; zh-cn; H30-T10 Build/HuaweiH30-T10) AppleWebKit/534.30 (KHTML, like Gecko) Version/4.0 Mobile Safari/534.30mukewang/5.0.1 (Android 4.2.2; Huawei H30-T10 Build/HuaweiH30-T10),Network WIFI" "-" 10.100.134.244:80 200 0.007 0.007
111.26.181.152 - - [11/Nov/2016:00:00:59 +0800] "GET /static/page/course/course.layout.js?v=201611082232 HTTP/1.1" 200 1912 "www.imooc.com" "http://www.imooc.com/learn/383" - "Mozilla/4.0 (compatible; MSIE 8.0; Windows NT 5.1; WOW64; Trident/4.0; SLCC2; .NET CLR 2.0.50727; .NET CLR 3.5.30729; .NET CLR 3.0.30729; Media Center PC 6.0; .NET4.0C; .NET4.0E; {D9D54F49-E51C-445e-92F2-1EE3C2313240}; 360SE)" "-" 10.100.136.64:80 200 0.001 0.001
10.100.0.1 - - [11/Nov/2016:00:00:59 +0800] "HEAD / HTTP/1.1" 301 0 "117.121.101.40" "-" - "curl/7.19.7 (x86_64-redhat-linux-gnu) libcurl/7.19.7 NSS/3.16.2.3 Basic ECC zlib/1.2.3 libidn/1.18 libssh2/1.4.2" "-" - - - 0.000
123.125.71.16 - - [11/Nov/2016:00:00:59 +0800] "GET /u/3399491 HTTP/1.1" 200 8337 "www.imooc.com" "-" - "Mozilla/5.0 (compatible; Baiduspider/2.0; +http://www.baidu.com/search/spider.html)" "-" 10.100.134.244:80 200 0.282 0.351
111.26.181.152 - - [11/Nov/2016:00:00:59 +0800] "GET /static/page/course/common/course_common.js?v=201611082232 HTTP/1.1" 200 4288 "www.imooc.com" "http://www.imooc.com/learn/383" - "Mozilla/4.0 (compatible; MSIE 8.0; Windows NT 5.1; WOW64; Trident/4.0; SLCC2; .NET CLR 2.0.50727; .NET CLR 3.5.30729; .NET CLR 3.0.30729; Media Center PC 6.0; .NET4.0C; .NET4.0E; {D9D54F49-E51C-445e-92F2-1EE3C2313240}; 360SE)" "-" 10.100.136.64:80 200 0.001 0.001
101.41.228.129 - - [11/Nov/2016:00:00:59 +0800] "POST /api3/getcourseintro HTTP/1.1" 200 2174 "www.imooc.com" "-" timestamp=1478793660636&uid=4389966&cid=504&secrect=86c3c4e2e72dd13256856a3820b7a376&token=97d13b827f2d2e75e8cdf9b4c229dda2 "mukewang/5.0.1 (Android 4.4.2; samsung SM-N9006 Build/KOT49H),Network WIFI" "-" 10.100.134.244:80 200 0.016 0.016
113.47.217.15 - - [11/Nov/2016:00:00:59 +0800] "POST /api3/getinvitemeuserlist HTTP/1.1" 200 115 "www.imooc.com" "-" timestamp=1478793659916&uid=3882767&secrect=32c57de08c2b1d3b70db5250500fa87d&uuid=6daa6e5c186e4389664a71912c40c646&cid=0&token=53bb3d27950b418c1c62ff059b251141 "mukewang/5.0.0 (Android 4.4.4; Xiaomi MI 4LTE Build/KTU84P),Network WIFI" "-" 10.100.136.64:80 200 0.058 0.058
101.41.228.129 - - [11/Nov/2016:00:00:59 +0800] "POST /api3/programcontact HTTP/1.1" 200 115 "www.imooc.com" "-" timestamp=1478793660642&uid=4389966&cid=504&secrect=86c3c4e2e72dd13256856a3820b7a376&token=8832df77373b9824dff54dfb71bce7d8 "mukewang/5.0.1 (Android 4.4.2; samsung SM-N9006 Build/KOT49H),Network WIFI" "-" 10.100.136.65:80 200 0.020 0.020
10.100.0.1 - - [11/Nov/2016:00:00:59 +0800] "HEAD / HTTP/1.1" 301 0 "117.121.101.40" "-" - "curl/7.19.7 (x86_64-redhat-linux-gnu) libcurl/7.19.7 NSS/3.16.2.3 Basic ECC zlib/1.2.3 libidn/1.18 libssh2/1.4.2" "-" - - - 0.000
43.250.200.101 - - [11/Nov/2016:00:00:59 +0800] "GET /socket.io/1/websocket/sq7E8tTgsNjelajaWHN- HTTP/1.1" 101 101 "chat.mukewang.com" "-" - "-" "-" 10.100.15.239:80 101 186.823 186.823
111.26.181.152 - - [11/Nov/2016:00:00:59 +0800] "GET /static/page/course/common/course_collection.js?v=201611082232 HTTP/1.1" 200 1003 "www.imooc.com" "http://www.imooc.com/learn/383" - "Mozilla/4.0 (compatible; MSIE 8.0; Windows NT 5.1; WOW64; Trident/4.0; SLCC2; .NET CLR 2.0.50727; .NET CLR 3.5.30729; .NET CLR 3.0.30729; Media Center PC 6.0; .NET4.0C; .NET4.0E; {D9D54F49-E51C-445e-92F2-1EE3C2313240}; 360SE)" "-" 10.100.136.65:80 200 0.001 0.001
10.100.0.1 - - [11/Nov/2016:00:00:59 +0800] "HEAD / HTTP/1.1" 301 0 "117.121.101.40" "-" - "curl/7.19.7 (x86_64-redhat-linux-gnu) libcurl/7.19.7 NSS/3.16.2.3 Basic ECC zlib/1.2.3 libidn/1.18 libssh2/1.4.2" "-" - - - 0.000
113.47.217.15 - - [11/Nov/2016:00:00:59 +0800] "POST /api3/latest HTTP/1.1" 200 939 "www.imooc.com" "-" timestamp=1478793659889&uid=3882767&secrect=32c57de08c2b1d3b70db5250500fa87d&uuid=6daa6e5c186e4389664a71912c40c646&cid=0&token=f8deb8d43c28e92d15bf8fad45fe59d6 "mukewang/5.0.0 (Android 4.4.4; Xiaomi MI 4LTE Build/KTU84P),Network WIFI" "-" 10.100.134.244:80 200 0.076 0.076
119.98.115.244 - - [11/Nov/2016:00:00:59 +0800] "GET /visitlog/index/user?v=1478793659002 HTTP/1.1" 200 2958 "www.imooc.com" "http://www.imooc.com/video/12673" - "Mozilla/5.0 (Windows NT 10.0; WOW64) AppleWebKit/537.36 (KHTML, like Gecko) Chrome/53.0.2785.113 Safari/537.36" "-" 10.100.136.65:80 200 0.007 0.007
10.100.0.1 - - [11/Nov/2016:00:00:59 +0800] "HEAD / HTTP/1.1" 301 0 "117.121.101.40" "-" - "curl/7.19.7 (x86_64-redhat-linux-gnu) libcurl/7.19.7 NSS/3.16.2.3 Basic ECC zlib/1.2.3 libidn/1.18 libssh2/1.4.2" "-" - - - 0.000
120.27.173.210 - - [11/Nov/2016:00:00:59 +0800] "GET /md5/57634089-64f3-4bff-9669-f725fe3af814/M/8f665f1716dbf352.ts HTTP/1.1" 304 0 "szv1.mukewang.com" "-" - "Dalvik/1.6.0 (Linux; U; Android 4.4.2; H60-L11 Build/HDH60-L11)" "183.240.129.8" 10.100.133.99:80 304 0.002 0.002
119.188.101.224 - - [11/Nov/2016:00:00:59 +0800] "POST /socket.io/1/ HTTP/1.1" 200 94 "chat.mukewang.com" "-" - "android-websockets-2.0" "-" 10.100.15.239:80 200 0.011 0.027
10.100.0.1 - - [11/Nov/2016:00:00:59 +0800] "HEAD / HTTP/1.1" 301 0 "117.121.101.40" "-" - "curl/7.19.7 (x86_64-redhat-linux-gnu) libcurl/7.19.7 NSS/3.16.2.3 Basic ECC zlib/1.2.3 libidn/1.18 libssh2/1.4.2" "-" - - - 0.000
10.100.0.1 - - [11/Nov/2016:00:00:59 +0800] "HEAD / HTTP/1.1" 301 0 "117.121.101.40" "-" - "curl/7.19.7 (x86_64-redhat-linux-gnu) libcurl/7.19.7 NSS/3.16.2.3 Basic ECC zlib/1.2.3 libidn/1.18 libssh2/1.4.2" "-" - - - 0.000
101.41.228.129 - - [11/Nov/2016:00:00:59 +0800] "POST /api3/getrelevantcourse HTTP/1.1" 200 843 "www.imooc.com" "-" timestamp=1478793660639&uid=4389966&cid=504&secrect=86c3c4e2e72dd13256856a3820b7a376&token=920d96c3c414e7c5cbb84a2bc603cbf8 "mukewang/5.0.1 (Android 4.4.2; samsung SM-N9006 Build/KOT49H),Network WIFI" "-" 10.100.134.244:80 200 0.061 0.061
10.100.0.1 - - [11/Nov/2016:00:00:59 +0800] "HEAD / HTTP/1.1" 301 0 "117.121.101.40" "-" - "curl/7.19.7 (x86_64-redhat-linux-gnu) libcurl/7.19.7 NSS/3.16.2.3 Basic ECC zlib/1.2.3 libidn/1.18 libssh2/1.4.2" "-" - - - 0.000
111.26.181.152 - - [11/Nov/2016:00:00:59 +0800] "GET /static/lib/jquery/plugin/jquery.progress.js?v=201611082232 HTTP/1.1" 200 1327 "www.imooc.com" "http://www.imooc.com/learn/383" - "Mozilla/4.0 (compatible; MSIE 8.0; Windows NT 5.1; WOW64; Trident/4.0; SLCC2; .NET CLR 2.0.50727; .NET CLR 3.5.30729; .NET CLR 3.0.30729; Media Center PC 6.0; .NET4.0C; .NET4.0E; {D9D54F49-E51C-445e-92F2-1EE3C2313240}; 360SE)" "-" 10.100.136.65:80 200 0.001 0.001
218.88.170.165 - - [11/Nov/2016:00:00:59 +0800] "GET /m/lib/zepto/zepto.js HTTP/1.1" 200 9800 "www.imooc.com" "http://www.imooc.com/m/wap/article/articleList.html" - "Mozilla/5.0 (Linux; U; Android 4.2.2; zh-cn; H30-T10 Build/HuaweiH30-T10) AppleWebKit/534.30 (KHTML, like Gecko) Version/4.0 Mobile Safari/534.30mukewang/5.0.1 (Android 4.2.2; Huawei H30-T10 Build/HuaweiH30-T10),Network WIFI" "-" 10.100.134.244:80 200 0.010 0.010
125.70.79.71 - - [11/Nov/2016:00:00:59 +0800] "POST /course/ajaxmediauser HTTP/1.1" 200 54 "www.imooc.com" "http://www.imooc.com/code/6250" mid=6250&time=60 "Mozilla/5.0 (Macintosh; Intel Mac OS X 10_12_0) AppleWebKit/537.36 (KHTML, like Gecko) Chrome/54.0.2840.71 Safari/537.36" "-" 10.100.134.244:80 200 0.030 0.030
10.100.0.1 - - [11/Nov/2016:00:00:59 +0800] "HEAD / HTTP/1.1" 301 0 "117.121.101.40" "-" - "curl/7.19.7 (x86_64-redhat-linux-gnu) libcurl/7.19.7 NSS/3.16.2.3 Basic ECC zlib/1.2.3 libidn/1.18 libssh2/1.4.2" "-" - - - 0.000
111.26.181.152 - - [11/Nov/2016:00:00:59 +0800] "GET /static/lib/layer/1.6.0/layer.min.js?v=201611082232 HTTP/1.1" 200 15297 "www.imooc.com" "http://www.imooc.com/learn/383" - "Mozilla/4.0 (compatible; MSIE 8.0; Windows NT 5.1; WOW64; Trident/4.0; SLCC2; .NET CLR 2.0.50727; .NET CLR 3.5.30729; .NET CLR 3.0.30729; Media Center PC 6.0; .NET4.0C; .NET4.0E; {D9D54F49-E51C-445e-92F2-1EE3C2313240}; 360SE)" "-" 10.100.134.244:80 200 0.002 0.002
101.200.101.219 - - [11/Nov/2016:00:00:59 +0800] "GET /static/img/common/logo.png?t=1478793660024 HTTP/1.1" 200 4468 "static.mukewang.com" "http://www.imooc.com/course/list?c=photoshop&type=2" - "Mozilla/5.0 (Windows NT 10.0; Win64; x64) AppleWebKit/537.36 (KHTML, like Gecko) Chrome/51.0.2704.79 Safari/537.36 Edge/14.14393" "14.113.23.247" 10.100.15.240:80 200 0.002 0.002
10.100.0.1 - - [11/Nov/2016:00:00:59 +0800] "HEAD / HTTP/1.1" 301 0 "117.121.101.40" "-" - "curl/7.19.7 (x86_64-redhat-linux-gnu) libcurl/7.19.7 NSS/3.16.2.3 Basic ECC zlib/1.2.3 libidn/1.18 libssh2/1.4.2" "-" - - - 0.000
218.88.170.165 - - [11/Nov/2016:00:01:00 +0800] "GET /m/js/util/cookie.js HTTP/1.1" 200 628 "www.imooc.com" "http://www.imooc.com/m/wap/article/articleList.html" - "Mozilla/5.0 (Linux; U; Android 4.2.2; zh-cn; H30-T10 Build/HuaweiH30-T10) AppleWebKit/534.30 (KHTML, like Gecko) Version/4.0 Mobile Safari/534.30mukewang/5.0.1 (Android 4.2.2; Huawei H30-T10 Build/HuaweiH30-T10),Network WIFI" "-" 10.100.136.64:80 200 0.004 0.004
111.26.181.152 - - [11/Nov/2016:00:01:00 +0800] "GET /static/lib/layer/1.6.0/skin/layer.css?v=201611082232 HTTP/1.1" 200 1625 "www.imooc.com" "http://www.imooc.com/learn/383" - "Mozilla/4.0 (compatible; MSIE 8.0; Windows NT 5.1; WOW64; Trident/4.0; SLCC2; .NET CLR 2.0.50727; .NET CLR 3.5.30729; .NET CLR 3.0.30729; Media Center PC 6.0; .NET4.0C; .NET4.0E; {D9D54F49-E51C-445e-92F2-1EE3C2313240}; 360SE)" "-" 10.100.136.65:80 200 0.001 0.001
10.100.0.1 - - [11/Nov/2016:00:01:00 +0800] "HEAD / HTTP/1.1" 301 0 "117.121.101.40" "-" - "curl/7.19.7 (x86_64-redhat-linux-gnu) libcurl/7.19.7 NSS/3.16.2.3 Basic ECC zlib/1.2.3 libidn/1.18 libssh2/1.4.2" "-" - - - 0.000
218.88.170.165 - - [11/Nov/2016:00:01:00 +0800] "GET /m/js/util/share.js HTTP/1.1" 200 591 "www.imooc.com" "http://www.imooc.com/m/wap/article/articleList.html" - "Mozilla/5.0 (Linux; U; Android 4.2.2; zh-cn; H30-T10 Build/HuaweiH30-T10) AppleWebKit/534.30 (KHTML, like Gecko) Version/4.0 Mobile Safari/534.30mukewang/5.0.1 (Android 4.2.2; Huawei H30-T10 Build/HuaweiH30-T10),Network WIFI" "-" 10.100.136.64:80 200 0.003 0.003
10.100.0.1 - - [11/Nov/2016:00:01:00 +0800] "HEAD / HTTP/1.1" 301 0 "117.121.101.40" "-" - "curl/7.19.7 (x86_64-redhat-linux-gnu) libcurl/7.19.7 NSS/3.16.2.3 Basic ECC zlib/1.2.3 libidn/1.18 libssh2/1.4.2" "-" - - - 0.000
183.69.197.53 - - [11/Nov/2016:00:01:00 +0800] "POST /course/ajaxmediauser HTTP/1.1" 200 67 "www.imooc.com" "http://www.imooc.com/code/1586" mid=1586&time=60 "Mozilla/5.0 (Windows NT 10.0; WOW64) AppleWebKit/537.36 (KHTML, like Gecko) Chrome/38.0.2125.122 Safari/537.36 SE 2.X MetaSr 1.0" "-" 10.100.136.64:80 200 0.018 0.018
10.100.0.1 - - [11/Nov/2016:00:01:00 +0800] "HEAD / HTTP/1.1" 301 0 "117.121.101.40" "-" - "curl/7.19.7 (x86_64-redhat-linux-gnu) libcurl/7.19.7 NSS/3.16.2.3 Basic ECC zlib/1.2.3 libidn/1.18 libssh2/1.4.2" "-" - - - 0.000
10.100.0.1 - - [11/Nov/2016:00:01:00 +0800] "HEAD / HTTP/1.1" 301 0 "117.121.101.40" "-" - "curl/7.19.7 (x86_64-redhat-linux-gnu) libcurl/7.19.7 NSS/3.16.2.3 Basic ECC zlib/1.2.3 libidn/1.18 libssh2/1.4.2" "-" - - - 0.000
119.98.115.244 - - [11/Nov/2016:00:01:00 +0800] "GET /u/card HTTP/1.1" 200 335 "www.imooc.com" "http://www.imooc.com/video/12673" - "Mozilla/5.0 (Windows NT 10.0; WOW64) AppleWebKit/537.36 (KHTML, like Gecko) Chrome/53.0.2785.113 Safari/537.36" "-" 10.100.136.64:80 200 0.088 0.088
10.100.0.1 - - [11/Nov/2016:00:01:00 +0800] "HEAD / HTTP/1.1" 301 0 "117.121.101.40" "-" - "curl/7.19.7 (x86_64-redhat-linux-gnu) libcurl/7.19.7 NSS/3.16.2.3 Basic ECC zlib/1.2.3 libidn/1.18 libssh2/1.4.2" "-" - - - 0.000
101.41.228.129 - - [11/Nov/2016:00:01:00 +0800] "POST /api3/coursecommentlist HTTP/1.1" 200 7307 "www.imooc.com" "-" timestamp=1478793660668&uid=4389966&secrect=86c3c4e2e72dd13256856a3820b7a376&page=1&cid=504&token=0655a1048be20c60bd8ae80c9405eaf4 "mukewang/5.0.1 (Android 4.4.2; samsung SM-N9006 Build/KOT49H),Network WIFI" "-" 10.100.136.64:80 200 0.117 0.117
112.65.211.213 - - [11/Nov/2016:00:01:00 +0800] "GET /socket.io/1/websocket/cm_bjqQS2AR0hj_nWHlP HTTP/1.1" 101 100 "chat.mukewang.com" "-" - "-" "-" 10.100.15.239:80 101 93.349 93.349
10.100.0.1 - - [11/Nov/2016:00:01:00 +0800] "HEAD / HTTP/1.1" 301 0 "117.121.101.40" "-" - "curl/7.19.7 (x86_64-redhat-linux-gnu) libcurl/7.19.7 NSS/3.16.2.3 Basic ECC zlib/1.2.3 libidn/1.18 libssh2/1.4.2" "-" - - - 0.000
101.200.101.210 - - [11/Nov/2016:00:01:00 +0800] "GET /md5/b9bcedb0-4a8f-4f69-a997-181fe4097fc6/M/0e59cf1f8aec1d38.ts HTTP/1.1" 304 0 "szv1.mukewang.com" "-" - "mukewang/5.0.2.1611033 CFNetwork/808.1.4 Darwin/16.1.0" "14.125.85.219" 10.100.133.99:80 304 0.003 0.003
171.34.223.1 - - [11/Nov/2016:00:01:00 +0800] "GET /socket.io/1/websocket/YNCKPLpmiY0qoj7QWHzH HTTP/1.1" 101 91 "chat.mukewang.com" "-" - "-" "-" 10.100.15.239:80 101 45.439 45.439
10.100.0.1 - - [11/Nov/2016:00:01:00 +0800] "HEAD / HTTP/1.1" 301 0 "117.121.101.40" "-" - "curl/7.19.7 (x86_64-redhat-linux-gnu) libcurl/7.19.7 NSS/3.16.2.3 Basic ECC zlib/1.2.3 libidn/1.18 libssh2/1.4.2" "-" - - - 0.000
10.100.0.1 - - [11/Nov/2016:00:01:00 +0800] "HEAD / HTTP/1.1" 301 0 "117.121.101.40" "-" - "curl/7.19.7 (x86_64-redhat-linux-gnu) libcurl/7.19.7 NSS/3.16.2.3 Basic ECC zlib/1.2.3 libidn/1.18 libssh2/1.4.2" "-" - - - 0.000
10.100.0.1 - - [11/Nov/2016:00:01:00 +0800] "HEAD / HTTP/1.1" 301 0 "117.121.101.40" "-" - "curl/7.19.7 (x86_64-redhat-linux-gnu) libcurl/7.19.7 NSS/3.16.2.3 Basic ECC zlib/1.2.3 libidn/1.18 libssh2/1.4.2" "-" - - - 0.000
111.26.181.152 - - [11/Nov/2016:00:01:00 +0800] "GET /course/AjaxCourseMembers?ids=383 HTTP/1.1" 200 84 "www.imooc.com" "http://www.imooc.com/learn/383" - "Mozilla/4.0 (compatible; MSIE 7.0; Windows NT 6.1; WOW64; Trident/5.0; SLCC2; .NET CLR 2.0.50727; .NET CLR 3.5.30729; .NET CLR 3.0.30729; Media Center PC 6.0; .NET4.0C; .NET4.0E; {D9D54F49-E51C-445e-92F2-1EE3C2313240})" "-" 10.100.136.65:80 200 0.024 0.024
180.89.91.166 - - [11/Nov/2016:00:01:00 +0800] "POST /course/ajaxmediauser/ HTTP/1.1" 200 54 "www.imooc.com" "http://www.imooc.com/video/8244" mid=8244&time=60.00099999999999&learn_time=223.3 "Mozilla/5.0 (Windows NT 6.1; WOW64) AppleWebKit/537.36 (KHTML, like Gecko) Chrome/45.0.2454.101 Safari/537.36" "-" 10.100.134.244:80 200 0.033 0.033
140.205.253.139 - - [11/Nov/2016:00:01:00 +0800] "GET /838d8348-f3b3-4c58-90af-f9b236c1ef7e/H.mp4 HTTP/1.1" 206 524288 "v2.mukewang.com" "-" - "python-requests/2.10.0" "103.233.5.254" 10.100.133.98:80 206 0.027 0.199
10.100.0.1 - - [11/Nov/2016:00:01:00 +0800] "HEAD / HTTP/1.1" 301 0 "117.121.101.40" "-" - "curl/7.19.7 (x86_64-redhat-linux-gnu) libcurl/7.19.7 NSS/3.16.2.3 Basic ECC zlib/1.2.3 libidn/1.18 libssh2/1.4.2" "-" - - - 0.000
111.26.181.152 - - [11/Nov/2016:00:01:00 +0800] "GET /course/ajaxplanrecom?cid=383 HTTP/1.1" 200 500 "www.imooc.com" "http://www.imooc.com/learn/383" - "Mozilla/4.0 (compatible; MSIE 7.0; Windows NT 6.1; WOW64; Trident/5.0; SLCC2; .NET CLR 2.0.50727; .NET CLR 3.5.30729; .NET CLR 3.0.30729; Media Center PC 6.0; .NET4.0C; .NET4.0E; {D9D54F49-E51C-445e-92F2-1EE3C2313240})" "-" 10.100.136.64:80 200 0.015 0.015
114.89.52.26 - - [11/Nov/2016:00:01:00 +0800] "POST /socket.io/1/ HTTP/1.1" 200 94 "chat.mukewang.com" "-" - "android-websockets-2.0" "-" 10.100.15.239:80 200 0.003 0.003
101.41.228.129 - - [11/Nov/2016:00:01:00 +0800] "POST /api3/getmediainfo_ver2 HTTP/1.1" 200 617 "www.imooc.com" "-" timestamp=1478793660856&uid=4389966&cid=504&secrect=86c3c4e2e72dd13256856a3820b7a376&token=6c9cf63e829153042cdc4110512db08d "mukewang/5.0.1 (Android 4.4.2; samsung SM-N9006 Build/KOT49H),Network WIFI" "-" 10.100.136.64:80 200 0.048 0.048
118.207.127.206 - - [11/Nov/2016:00:01:00 +0800] "POST /course/ajaxmediauser/ HTTP/1.1" 200 67 "www.imooc.com" "http://www.imooc.com/video/13042" mid=13042&time=90855.93&learn_time=769.1 "Mozilla/5.0 (Macintosh; Intel Mac OS X 10_10_5) AppleWebKit/537.36 (KHTML, like Gecko) Chrome/53.0.2785.143 Safari/537.36" "-" 10.100.136.65:80 200 0.020 0.020
218.88.170.165 - - [11/Nov/2016:00:01:00 +0800] "GET /visitlog/index/user?v=1478793660160 HTTP/1.1" 200 2952 "www.imooc.com" "http://www.imooc.com/m/wap/article/articleList.html" - "Mozilla/5.0 (Linux; U; Android 4.2.2; zh-cn; H30-T10 Build/HuaweiH30-T10) AppleWebKit/534.30 (KHTML, like Gecko) Version/4.0 Mobile Safari/534.30mukewang/5.0.1 (Android 4.2.2; Huawei H30-T10 Build/HuaweiH30-T10),Network WIFI" "-" 10.100.136.64:80 200 0.006 0.006
111.26.181.152 - - [11/Nov/2016:00:01:00 +0800] "GET /course/ajaxcourserecom?cid=383 HTTP/1.1" 200 3952 "www.imooc.com" "http://www.imooc.com/learn/383" - "Mozilla/4.0 (compatible; MSIE 7.0; Windows NT 6.1; WOW64; Trident/5.0; SLCC2; .NET CLR 2.0.50727; .NET CLR 3.5.30729; .NET CLR 3.0.30729; Media Center PC 6.0; .NET4.0C; .NET4.0E; {D9D54F49-E51C-445e-92F2-1EE3C2313240})" "-" 10.100.134.244:80 200 0.016 0.016
10.100.0.1 - - [11/Nov/2016:00:01:00 +0800] "HEAD / HTTP/1.1" 301 0 "117.121.101.40" "-" - "curl/7.19.7 (x86_64-redhat-linux-gnu) libcurl/7.19.7 NSS/3.16.2.3 Basic ECC zlib/1.2.3 libidn/1.18 libssh2/1.4.2" "-" - - - 0.000
222.85.145.41 - - [11/Nov/2016:00:01:00 +0800] "POST /course/ajaxmediauser/ HTTP/1.1" 200 54 "www.imooc.com" "http://www.imooc.com/video/3354" mid=3354&time=60.00200000000041&learn_time=580.5 "Mozilla/5.0 (Windows NT 6.1; WOW64) AppleWebKit/537.36 (KHTML, like Gecko) Chrome/38.0.2125.122 Safari/537.36 SE 2.X MetaSr 1.0" "-" 10.100.136.65:80 200 0.023 0.023
183.12.64.27 - - [11/Nov/2016:00:01:00 +0800] "GET /video/3179 HTTP/1.1" 200 6258 "www.imooc.com" "http://www.imooc.com/video/3173" - "Mozilla/5.0 (Windows NT 6.1; Win64; x64) AppleWebKit/537.36 (KHTML, like Gecko) Chrome/54.0.2840.87 Safari/537.36" "-" 10.100.136.65:80 200 0.228 0.228
10.100.0.1 - - [11/Nov/2016:00:01:00 +0800] "HEAD / HTTP/1.1" 301 0 "117.121.101.40" "-" - "curl/7.19.7 (x86_64-redhat-linux-gnu) libcurl/7.19.7 NSS/3.16.2.3 Basic ECC zlib/1.2.3 libidn/1.18 libssh2/1.4.2" "-" - - - 0.000
10.100.0.1 - - [11/Nov/2016:00:01:00 +0800] "HEAD / HTTP/1.1" 301 0 "117.121.101.40" "-" - "curl/7.19.7 (x86_64-redhat-linux-gnu) libcurl/7.19.7 NSS/3.16.2.3 Basic ECC zlib/1.2.3 libidn/1.18 libssh2/1.4.2" "-" - - - 0.000
10.100.0.1 - - [11/Nov/2016:00:01:00 +0800] "HEAD / HTTP/1.1" 301 0 "117.121.101.40" "-" - "curl/7.19.7 (x86_64-redhat-linux-gnu) libcurl/7.19.7 NSS/3.16.2.3 Basic ECC zlib/1.2.3 libidn/1.18 libssh2/1.4.2" "-" - - - 0.000
10.100.0.1 - - [11/Nov/2016:00:01:00 +0800] "HEAD / HTTP/1.1" 301 0 "117.121.101.40" "-" - "curl/7.19.7 (x86_64-redhat-linux-gnu) libcurl/7.19.7 NSS/3.16.2.3 Basic ECC zlib/1.2.3 libidn/1.18 libssh2/1.4.2" "-" - - - 0.000
10.100.0.1 - - [11/Nov/2016:00:01:00 +0800] "HEAD / HTTP/1.1" 301 0 "117.121.101.40" "-" - "curl/7.19.7 (x86_64-redhat-linux-gnu) libcurl/7.19.7 NSS/3.16.2.3 Basic ECC zlib/1.2.3 libidn/1.18 libssh2/1.4.2" "-" - - - 0.000
121.204.169.239 - - [11/Nov/2016:00:01:00 +0800] "GET /course/codeintro?mid=405&_wapuid=2635856 HTTP/1.1" 200 1889 "www.imooc.com" "-" - "Mozilla/5.0 (Linux; Android 6.0.1; ATH-CL00 Build/HONORATH-CL00; wv) AppleWebKit/537.36 (KHTML, like Gecko) Version/4.0 Chrome/49.0.2623.105 Mobile Safari/537.36mukewang/5.0.1 (Android 6.0.1; HONOR ATH-CL00 Build/HONORATH-CL00),Network WIFI" "-" 10.100.136.65:80 200 0.343 0.343
10.100.0.1 - - [11/Nov/2016:00:01:00 +0800] "HEAD / HTTP/1.1" 301 0 "117.121.101.40" "-" - "curl/7.19.7 (x86_64-redhat-linux-gnu) libcurl/7.19.7 NSS/3.16.2.3 Basic ECC zlib/1.2.3 libidn/1.18 libssh2/1.4.2" "-" - - - 0.000
222.72.138.209 - - [11/Nov/2016:00:01:00 +0800] "GET /socket.io/1/websocket/lXgbUb2eK5RceUWCWH3s HTTP/1.1" 101 91 "chat.mukewang.com" "-" - "-" "-" 10.100.15.239:80 101 30.036 30.036
10.100.0.1 - - [11/Nov/2016:00:01:00 +0800] "HEAD / HTTP/1.1" 301 0 "117.121.101.40" "-" - "curl/7.19.7 (x86_64-redhat-linux-gnu) libcurl/7.19.7 NSS/3.16.2.3 Basic ECC zlib/1.2.3 libidn/1.18 libssh2/1.4.2" "-" - - - 0.000
119.98.115.244 - - [11/Nov/2016:00:01:00 +0800] "GET /wenda/ajaxcourserecommends?id=523 HTTP/1.1" 200 601 "www.imooc.com" "http://www.imooc.com/video/12673" - "Mozilla/5.0 (Windows NT 10.0; WOW64) AppleWebKit/537.36 (KHTML, like Gecko) Chrome/53.0.2785.113 Safari/537.36" "-" 10.100.136.65:80 200 0.123 0.123
101.200.101.207 - - [11/Nov/2016:00:01:00 +0800] "GET /md5/b9bcedb0-4a8f-4f69-a997-181fe4097fc6/M/ea89301d638e021c.ts HTTP/1.1" 304 0 "szv1.mukewang.com" "-" - "mukewang/5.0.2.1611033 CFNetwork/808.1.4 Darwin/16.1.0" "14.125.85.219" 10.100.133.99:80 304 0.004 0.004
10.100.0.1 - - [11/Nov/2016:00:01:00 +0800] "HEAD / HTTP/1.1" 301 0 "117.121.101.40" "-" - "curl/7.19.7 (x86_64-redhat-linux-gnu) libcurl/7.19.7 NSS/3.16.2.3 Basic ECC zlib/1.2.3 libidn/1.18 libssh2/1.4.2" "-" - - - 0.000
182.44.172.30 - - [11/Nov/2016:00:01:00 +0800] "POST /api3/getinvitemeuserlist HTTP/1.1" 200 115 "www.imooc.com" "-" cid=0&timestamp=1478793661192&uid=2056386&secrect=c1f20f87d21060520ed4167accb6844b&uuid=573ea424bd87e60fd0a44990d9fede75&token=0e1d29c4a7d3c8a4d3312c0c16c4f075 "mukewang/5.0.0 (Android 6.0; Xiaomi MI 5 Build/MRA58K),Network WIFI" "-" 10.100.136.64:80 200 0.071 0.071
58.54.191.111 - - [11/Nov/2016:00:01:00 +0800] "POST /socket.io/1/ HTTP/1.1" 200 94 "chat.mukewang.com" "-" - "android-websockets-2.0" "-" 10.100.15.239:80 200 0.003 0.003
183.193.181.237 - - [11/Nov/2016:00:01:00 +0800] "GET /22Gk3OLQxtF4k/socket.io/?EIO=3&transport=websocket HTTP/1.1" 404 577 "ide.imooc.io" "-" - "Mozilla/5.0 (Windows NT 10.0; WOW64) AppleWebKit/537.36 (KHTML, like Gecko) Chrome/54.0.2840.71 Safari/537.36" "-" 10.100.135.254:30800 404 0.008 0.008
111.26.181.152 - - [11/Nov/2016:00:01:00 +0800] "GET /course/ajaxcourselearn?cid=383 HTTP/1.1" 200 70 "www.imooc.com" "http://www.imooc.com/learn/383" - "Mozilla/4.0 (compatible; MSIE 7.0; Windows NT 6.1; WOW64; Trident/5.0; SLCC2; .NET CLR 2.0.50727; .NET CLR 3.5.30729; .NET CLR 3.0.30729; Media Center PC 6.0; .NET4.0C; .NET4.0E; {D9D54F49-E51C-445e-92F2-1EE3C2313240})" "-" 10.100.134.244:80 200 0.161 0.161
10.100.0.1 - - [11/Nov/2016:00:01:00 +0800] "HEAD / HTTP/1.1" 301 0 "117.121.101.40" "-" - "curl/7.19.7 (x86_64-redhat-linux-gnu) libcurl/7.19.7 NSS/3.16.2.3 Basic ECC zlib/1.2.3 libidn/1.18 libssh2/1.4.2" "-" - - - 0.000
10.100.0.1 - - [11/Nov/2016:00:01:00 +0800] "HEAD / HTTP/1.1" 301 0 "117.121.101.40" "-" - "curl/7.19.7 (x86_64-redhat-linux-gnu) libcurl/7.19.7 NSS/3.16.2.3 Basic ECC zlib/1.2.3 libidn/1.18 libssh2/1.4.2" "-" - - - 0.000
10.100.0.1 - - [11/Nov/2016:00:01:00 +0800] "HEAD / HTTP/1.1" 301 0 "117.121.101.40" "-" - "curl/7.19.7 (x86_64-redhat-linux-gnu) libcurl/7.19.7 NSS/3.16.2.3 Basic ECC zlib/1.2.3 libidn/1.18 libssh2/1.4.2" "-" - - - 0.000
10.100.0.1 - - [11/Nov/2016:00:01:00 +0800] "HEAD / HTTP/1.1" 301 0 "117.121.101.40" "-" - "curl/7.19.7 (x86_64-redhat-linux-gnu) libcurl/7.19.7 NSS/3.16.2.3 Basic ECC zlib/1.2.3 libidn/1.18 libssh2/1.4.2" "-" - - - 0.000
59.52.219.237 - - [11/Nov/2016:00:01:00 +0800] "POST /api3/latest HTTP/1.1" 200 366 "www.imooc.com" "-" cid=0&timestamp=1478793659751&uid=2375005&secrect=290f87bba474460612af279f3314dcfb&uuid=05c2dbd251e4bbbcf81aa21afebf98de&token=e38aa3e2e740bfd183b15f7c9a83f87a "mukewang/5.0.1 (Android 5.1; Meizu M571C Build/LMY47D),Network WIFI" "-" 10.100.136.64:80 200 0.054 0.054
113.132.8.214 - - [11/Nov/2016:00:01:00 +0800] "POST /course/ajaxmediauser/ HTTP/1.1" 200 54 "www.imooc.com" "http://www.imooc.com/video/3665" mid=3665&time=60&learn_time=731.9 "Mozilla/5.0 (Windows NT 6.1; WOW64) AppleWebKit/537.36 (KHTML, like Gecko) Chrome/42.0.2311.154 Safari/537.36 LBBROWSER" "-" 10.100.136.65:80 200 0.025 0.025
10.100.0.1 - - [11/Nov/2016:00:01:00 +0800] "HEAD / HTTP/1.1" 301 0 "117.121.101.40" "-" - "curl/7.19.7 (x86_64-redhat-linux-gnu) libcurl/7.19.7 NSS/3.16.2.3 Basic ECC zlib/1.2.3 libidn/1.18 libssh2/1.4.2" "-" - - - 0.000
111.26.181.152 - - [11/Nov/2016:00:01:00 +0800] "GET /static/moco/v1.0/dist/js/moco.min.js?v=201611082232 HTTP/1.1" 200 20963 "www.imooc.com" "http://www.imooc.com/learn/383" - "Mozilla/4.0 (compatible; MSIE 8.0; Windows NT 5.1; WOW64; Trident/4.0; SLCC2; .NET CLR 2.0.50727; .NET CLR 3.5.30729; .NET CLR 3.0.30729; Media Center PC 6.0; .NET4.0C; .NET4.0E; {D9D54F49-E51C-445e-92F2-1EE3C2313240}; 360SE)" "-" 10.100.136.64:80 200 0.002 0.002
10.100.0.1 - - [11/Nov/2016:00:01:00 +0800] "HEAD / HTTP/1.1" 301 0 "117.121.101.40" "-" - "curl/7.19.7 (x86_64-redhat-linux-gnu) libcurl/7.19.7 NSS/3.16.2.3 Basic ECC zlib/1.2.3 libidn/1.18 libssh2/1.4.2" "-" - - - 0.000
114.91.192.167 - - [11/Nov/2016:00:01:00 +0800] "POST /socket.io/1/ HTTP/1.1" 200 94 "chat.mukewang.com" "-" - "android-websockets-2.0" "-" 10.100.15.239:80 200 0.003 0.003
10.100.0.1 - - [11/Nov/2016:00:01:00 +0800] "HEAD / HTTP/1.1" 301 0 "117.121.101.40" "-" - "curl/7.19.7 (x86_64-redhat-linux-gnu) libcurl/7.19.7 NSS/3.16.2.3 Basic ECC zlib/1.2.3 libidn/1.18 libssh2/1.4.2" "-" - - - 0.000
10.100.0.1 - - [11/Nov/2016:00:01:00 +0800] "HEAD / HTTP/1.1" 301 0 "117.121.101.40" "-" - "curl/7.19.7 (x86_64-redhat-linux-gnu) libcurl/7.19.7 NSS/3.16.2.3 Basic ECC zlib/1.2.3 libidn/1.18 libssh2/1.4.2" "-" - - - 0.000
59.52.219.237 - - [11/Nov/2016:00:01:00 +0800] "POST /api3/getinvitemeuserlist HTTP/1.1" 200 115 "www.imooc.com" "-" cid=0&timestamp=1478793659919&uid=2375005&secrect=290f87bba474460612af279f3314dcfb&uuid=05c2dbd251e4bbbcf81aa21afebf98de&token=ac34060a1736cf06b4c5875c397e36f0 "mukewang/5.0.1 (Android 5.1; Meizu M571C Build/LMY47D),Network WIFI" "-" 10.100.134.244:80 200 0.095 0.095
221.239.145.252 - - [11/Nov/2016:00:01:00 +0800] "POST /api3/getinvitemeuserlist HTTP/1.1" 200 115 "www.imooc.com" "-" cid=0&timestamp=1478793660512&uid=4274270&secrect=b377176f07833185865c89dc8b60f375&uuid=7f203b4d1a5d3bfb7480455e9a6989cd&token=49600a0195001765374a52112217ad86 "mukewang/5.0.0 (Android 5.1; Coolpad 8676-M01 Build/LMY47D),Network WIFI" "-" 10.100.136.65:80 200 0.076 0.076
112.38.217.43 - - [11/Nov/2016:00:01:00 +0800] "POST /course/ajaxmediauser/ HTTP/1.1" 200 54 "www.imooc.com" "http://www.imooc.com/video/1622" mid=1622&time=60.00000000000001&learn_time=138.8 "Mozilla/5.0 (Windows NT 6.1; WOW64) AppleWebKit/537.36 (KHTML, like Gecko) Chrome/47.0.2526.80 Safari/537.36 Core/1.47.640.400 QQBrowser/9.4.8309.400" "-" 10.100.136.65:80 200 0.024 0.024
183.12.64.27 - - [11/Nov/2016:00:01:00 +0800] "GET /visitlog/index/user?v=1478793660891 HTTP/1.1" 200 2958 "www.imooc.com" "http://www.imooc.com/video/3179" - "Mozilla/5.0 (Windows NT 6.1; Win64; x64) AppleWebKit/537.36 (KHTML, like Gecko) Chrome/54.0.2840.87 Safari/537.36" "-" 10.100.136.64:80 200 0.007 0.007
182.44.172.30 - - [11/Nov/2016:00:01:00 +0800] "POST /socket.io/1/ HTTP/1.1" 200 94 "chat.mukewang.com" "-" - "android-websockets-2.0" "-" 10.100.15.239:80 200 0.004 0.004
10.100.0.1 - - [11/Nov/2016:00:01:00 +0800] "HEAD / HTTP/1.1" 301 0 "117.121.101.40" "-" - "curl/7.19.7 (x86_64-redhat-linux-gnu) libcurl/7.19.7 NSS/3.16.2.3 Basic ECC zlib/1.2.3 libidn/1.18 libssh2/1.4.2" "-" - - - 0.000
114.255.40.18 - - [11/Nov/2016:00:01:00 +0800] "POST /api3/latest HTTP/1.1" 200 366 "www.imooc.com" "-" timestamp=1478793659054&uid=2551541&secrect=1b87abc8d9e08454b48d6a76c75fbc0b&uuid=b345f897e87212c22fc277329f79d045&cid=0&token=e2636f33c0168612808826b1a2b96854 "mukewang/5.0.1 (Android 4.1.1; htccn_chs HTC X920e Build/JRO03C),Network WIFI" "-" 10.100.136.65:80 200 0.064 0.064
116.1.140.223 - - [11/Nov/2016:00:01:00 +0800] "POST /course/codesubmit HTTP/1.1" 200 128 "www.imooc.com" "http://www.imooc.com/code/872" cid=10&mid=872&eid=872&lang=Javascript&file=&files%5B0%5D%5Bfilename%5D=index.html&files%5B0%5D%5Blang%5D=html&files%5B0%5D%5Bcontent%5D=%3C!DOCTYPE+html%3E%0A%3Chtml%3E%0A%3Chead%3E%0A%3Cmeta+http-equiv%3D%22Content-Type%22+content%3D%22text%2Fhtml%3B+charset%3Dutf-8%22+%2F%3E%0A%3Ctitle%3EArray%E5%AF%B9%E8%B1%A1+%3C%2Ftitle%3E%0A%3Cscript+type%3D%22text%2Fjavascript%22%3E%0A++++var+myarr1%3D+new+Array(%22010%22)%0A++++var+myarr2%3D+new+Array(%22-%22%2C%2284697581%22)%3B%0A+++%0A%3C%2Fscript%3E%0A%3C%2Fhead%3E%0A%3Cbody%3E%0A%3C%2Fbody%3E%0A%3C%2Fhtml%3E "Mozilla/5.0 (Windows NT 10.0; WOW64; rv:49.0) Gecko/20100101 Firefox/49.0" "-" 10.100.136.64:80 200 0.461 0.462
10.100.0.1 - - [11/Nov/2016:00:01:00 +0800] "HEAD / HTTP/1.1" 301 0 "117.121.101.40" "-" - "curl/7.19.7 (x86_64-redhat-linux-gnu) libcurl/7.19.7 NSS/3.16.2.3 Basic ECC zlib/1.2.3 libidn/1.18 libssh2/1.4.2" "-" - - - 0.000
14.211.17.151 - - [11/Nov/2016:00:01:00 +0800] "POST /course/ajaxmediauser HTTP/1.1" 200 54 "www.imooc.com" "http://www.imooc.com/code/1585" mid=1585&time=60 "Mozilla/5.0 (Windows NT 6.1; WOW64) AppleWebKit/537.36 (KHTML, like Gecko) Chrome/45.0.2454.101 Safari/537.36" "-" 10.100.134.244:80 200 0.025 0.025
114.255.40.18 - - [11/Nov/2016:00:01:00 +0800] "POST /api3/getinvitemeuserlist HTTP/1.1" 200 115 "www.imooc.com" "-" timestamp=1478793659187&uid=2551541&secrect=1b87abc8d9e08454b48d6a76c75fbc0b&uuid=b345f897e87212c22fc277329f79d045&cid=0&token=34ba7f3cb11f86fc4aa0b9e0c8f26d78 "mukewang/5.0.1 (Android 4.1.1; htccn_chs HTC X920e Build/JRO03C),Network WIFI" "-" 10.100.136.64:80 200 0.077 0.077
211.144.0.162 - - [11/Nov/2016:00:01:00 +0800] "POST /course/ajaxmediauser HTTP/1.1" 200 67 "www.imooc.com" "http://www.imooc.com/code/2310" mid=2310&time=60 "Mozilla/5.0 (Windows NT 6.1; WOW64) AppleWebKit/537.36 (KHTML, like Gecko) Chrome/54.0.2840.71 Safari/537.36" "-" 10.100.136.64:80 200 0.020 0.020
121.61.57.108 - - [11/Nov/2016:00:01:00 +0800] "GET /socket.io/1/websocket/vwK4AZQHWA8TfysMWHmi HTTP/1.1" 101 96 "chat.mukewang.com" "-" - "-" "-" 10.100.15.239:80 101 88.359 88.359
10.100.0.1 - - [11/Nov/2016:00:01:00 +0800] "HEAD / HTTP/1.1" 301 0 "117.121.101.40" "-" - "curl/7.19.7 (x86_64-redhat-linux-gnu) libcurl/7.19.7 NSS/3.16.2.3 Basic ECC zlib/1.2.3 libidn/1.18 libssh2/1.4.2" "-" - - - 0.000
1.80.146.99 - - [11/Nov/2016:00:01:00 +0800] "GET /static/img/home/shoujileft.png?t=1 HTTP/1.1" 304 0 "www.imooc.com" "http://www.imooc.com/" - "Mozilla/5.0 (Windows NT 6.3; WOW64) AppleWebKit/537.36 (KHTML, like Gecko) Chrome/38.0.2125.122 Safari/537.36 SE 2.X MetaSr 1.0" "-" 10.100.136.65:80 304 0.001 0.001
10.100.0.1 - - [11/Nov/2016:00:01:00 +0800] "HEAD / HTTP/1.1" 301 0 "117.121.101.40" "-" - "curl/7.19.7 (x86_64-redhat-linux-gnu) libcurl/7.19.7 NSS/3.16.2.3 Basic ECC zlib/1.2.3 libidn/1.18 libssh2/1.4.2" "-" - - - 0.000
10.100.0.1 - - [11/Nov/2016:00:01:00 +0800] "HEAD / HTTP/1.1" 301 0 "117.121.101.40" "-" - "curl/7.19.7 (x86_64-redhat-linux-gnu) libcurl/7.19.7 NSS/3.16.2.3 Basic ECC zlib/1.2.3 libidn/1.18 libssh2/1.4.2" "-" - - - 0.000
10.100.0.1 - - [11/Nov/2016:00:01:00 +0800] "HEAD / HTTP/1.1" 301 0 "117.121.101.40" "-" - "curl/7.19.7 (x86_64-redhat-linux-gnu) libcurl/7.19.7 NSS/3.16.2.3 Basic ECC zlib/1.2.3 libidn/1.18 libssh2/1.4.2" "-" - - - 0.000
210.31.76.135 - - [11/Nov/2016:00:01:00 +0800] "GET /socket.io/1/websocket/dtkxgFxtQkbMohgYWHIT HTTP/1.1" 101 106 "chat.mukewang.com" "-" - "-" "-" 10.100.15.239:80 101 209.659 209.659
119.98.115.244 - - [11/Nov/2016:00:01:00 +0800] "GET /course/ajaxmaxchaptermediaques?mid=12673 HTTP/1.1" 200 89 "www.imooc.com" "http://www.imooc.com/video/12673" - "Mozilla/5.0 (Windows NT 10.0; WOW64) AppleWebKit/537.36 (KHTML, like Gecko) Chrome/53.0.2785.113 Safari/537.36" "-" 10.100.136.64:80 200 0.144 0.144
10.100.0.1 - - [11/Nov/2016:00:01:00 +0800] "HEAD / HTTP/1.1" 301 0 "117.121.101.40" "-" - "curl/7.19.7 (x86_64-redhat-linux-gnu) libcurl/7.19.7 NSS/3.16.2.3 Basic ECC zlib/1.2.3 libidn/1.18 libssh2/1.4.2" "-" - - - 0.000
10.100.0.1 - - [11/Nov/2016:00:01:00 +0800] "HEAD / HTTP/1.1" 301 0 "117.121.101.40" "-" - "curl/7.19.7 (x86_64-redhat-linux-gnu) libcurl/7.19.7 NSS/3.16.2.3 Basic ECC zlib/1.2.3 libidn/1.18 libssh2/1.4.2" "-" - - - 0.000
218.17.207.61 - - [11/Nov/2016:00:01:00 +0800] "POST /course/ajaxmediauser/ HTTP/1.1" 200 54 "www.imooc.com" "http://www.imooc.com/video/9194" mid=9194&time=60.00200000000041&learn_time=126.8 "Mozilla/5.0 (Windows NT 10.0; WOW64) AppleWebKit/537.36 (KHTML, like Gecko) Chrome/50.0.2661.95 Safari/537.36 Core/1.50.1563.400 QQBrowser/9.5.9639.400" "-" 10.100.136.65:80 200 0.032 0.032
42.120.74.202 - - [11/Nov/2016:00:01:00 +0800] "POST /course/ajaxmediauser/ HTTP/1.1" 200 54 "www.imooc.com" "http://www.imooc.com/video/4017" mid=4017&time=60.00299999996787&learn_time=0 "Mozilla/5.0 (Macintosh; Intel Mac OS X 10_12_0) AppleWebKit/537.36 (KHTML, like Gecko) Chrome/54.0.2840.71 Safari/537.36" "-" 10.100.136.64:80 200 0.022 0.022
10.100.0.1 - - [11/Nov/2016:00:01:00 +0800] "HEAD / HTTP/1.1" 301 0 "117.121.101.40" "-" - "curl/7.19.7 (x86_64-redhat-linux-gnu) libcurl/7.19.7 NSS/3.16.2.3 Basic ECC zlib/1.2.3 libidn/1.18 libssh2/1.4.2" "-" - - - 0.000
10.100.0.1 - - [11/Nov/2016:00:01:00 +0800] "HEAD / HTTP/1.1" 301 0 "117.121.101.40" "-" - "curl/7.19.7 (x86_64-redhat-linux-gnu) libcurl/7.19.7 NSS/3.16.2.3 Basic ECC zlib/1.2.3 libidn/1.18 libssh2/1.4.2" "-" - - - 0.000
122.191.204.209 - - [11/Nov/2016:00:01:00 +0800] "POST /socket.io/1/ HTTP/1.1" 200 94 "chat.mukewang.com" "-" - "android-websockets-2.0" "-" 10.100.15.239:80 200 0.003 0.003
10.100.0.1 - - [11/Nov/2016:00:01:00 +0800] "HEAD / HTTP/1.1" 301 0 "117.121.101.40" "-" - "curl/7.19.7 (x86_64-redhat-linux-gnu) libcurl/7.19.7 NSS/3.16.2.3 Basic ECC zlib/1.2.3 libidn/1.18 libssh2/1.4.2" "-" - - - 0.000
218.202.138.234 - - [11/Nov/2016:00:01:00 +0800] "POST /socket.io/1/ HTTP/1.1" 200 94 "chat.mukewang.com" "-" - "android-websockets-2.0" "-" 10.100.15.239:80 200 0.003 0.003
10.100.0.1 - - [11/Nov/2016:00:01:00 +0800] "HEAD / HTTP/1.1" 301 0 "117.121.101.40" "-" - "curl/7.19.7 (x86_64-redhat-linux-gnu) libcurl/7.19.7 NSS/3.16.2.3 Basic ECC zlib/1.2.3 libidn/1.18 libssh2/1.4.2" "-" - - - 0.000
119.127.164.123 - - [11/Nov/2016:00:01:00 +0800] "POST /api3/getloading HTTP/1.1" 200 169 "www.imooc.com" "-" height=1920&width=1080&platform=2&uid=1204362&token=64151c1166e7443b7c932940a85a35c5 "mukewang/4.1.1 (Android 5.0.1; samsung SCH-I959 Build/LRX22C),Network WIFI" "-" 10.100.134.244:80 200 0.031 0.031
10.100.0.1 - - [11/Nov/2016:00:01:00 +0800] "HEAD / HTTP/1.1" 301 0 "117.121.101.40" "-" - "curl/7.19.7 (x86_64-redhat-linux-gnu) libcurl/7.19.7 NSS/3.16.2.3 Basic ECC zlib/1.2.3 libidn/1.18 libssh2/1.4.2" "-" - - - 0.000
10.100.0.1 - - [11/Nov/2016:00:01:00 +0800] "HEAD / HTTP/1.1" 301 0 "117.121.101.40" "-" - "curl/7.19.7 (x86_64-redhat-linux-gnu) libcurl/7.19.7 NSS/3.16.2.3 Basic ECC zlib/1.2.3 libidn/1.18 libssh2/1.4.2" "-" - - - 0.000
119.127.164.123 - - [11/Nov/2016:00:01:00 +0800] "POST /api3/latest HTTP/1.1" 200 619 "www.imooc.com" "-" uid=1204362&uuid=0d65609c129ad56669b30bee7bc2a6d0&token=fa331700d174ca1d198b3376114f69e9 "mukewang/4.1.1 (Android 5.0.1; samsung SCH-I959 Build/LRX22C),Network WIFI" "-" 10.100.136.64:80 200 0.057 0.057
10.100.0.1 - - [11/Nov/2016:00:01:00 +0800] "HEAD / HTTP/1.1" 301 0 "117.121.101.40" "-" - "curl/7.19.7 (x86_64-redhat-linux-gnu) libcurl/7.19.7 NSS/3.16.2.3 Basic ECC zlib/1.2.3 libidn/1.18 libssh2/1.4.2" "-" - - - 0.000
10.100.0.1 - - [11/Nov/2016:00:01:00 +0800] "HEAD / HTTP/1.1" 301 0 "117.121.101.40" "-" - "curl/7.19.7 (x86_64-redhat-linux-gnu) libcurl/7.19.7 NSS/3.16.2.3 Basic ECC zlib/1.2.3 libidn/1.18 libssh2/1.4.2" "-" - - - 0.000
121.204.169.239 - - [11/Nov/2016:00:01:00 +0800] "GET /wap/css/codeintro.min.css?t=1.1 HTTP/1.1" 200 1700 "www.imooc.com" "http://www.imooc.com/course/codeintro?mid=405&_wapuid=2635856" - "Mozilla/5.0 (Linux; Android 6.0.1; ATH-CL00 Build/HONORATH-CL00; wv) AppleWebKit/537.36 (KHTML, like Gecko) Version/4.0 Chrome/49.0.2623.105 Mobile Safari/537.36mukewang/5.0.1 (Android 6.0.1; HONOR ATH-CL00 Build/HONORATH-CL00),Network WIFI" "-" 10.100.136.65:80 200 0.001 0.001
10.100.0.1 - - [11/Nov/2016:00:01:00 +0800] "HEAD / HTTP/1.1" 301 0 "117.121.101.40" "-" - "curl/7.19.7 (x86_64-redhat-linux-gnu) libcurl/7.19.7 NSS/3.16.2.3 Basic ECC zlib/1.2.3 libidn/1.18 libssh2/1.4.2" "-" - - - 0.000
119.127.164.123 - - [11/Nov/2016:00:01:00 +0800] "POST /api3/getinvitemeuserlist HTTP/1.1" 200 401 "www.imooc.com" "-" uid=1204362&uuid=0d65609c129ad56669b30bee7bc2a6d0&token=ecc382c4bb06f003173b521cdcdf4f53 "mukewang/4.1.1 (Android 5.0.1; samsung SCH-I959 Build/LRX22C),Network WIFI" "-" 10.100.136.65:80 200 0.083 0.083
10.100.0.1 - - [11/Nov/2016:00:01:00 +0800] "HEAD / HTTP/1.1" 301 0 "117.121.101.40" "-" - "curl/7.19.7 (x86_64-redhat-linux-gnu) libcurl/7.19.7 NSS/3.16.2.3 Basic ECC zlib/1.2.3 libidn/1.18 libssh2/1.4.2" "-" - - - 0.000
120.198.231.154 - - [11/Nov/2016:00:01:00 +0800] "POST /course/ajaxmediauser HTTP/1.1" 200 54 "www.imooc.com" "http://www.imooc.com/code/5304" mid=5304&time=60 "Mozilla/5.0 (Windows NT 6.1; WOW64) AppleWebKit/537.36 (KHTML, like Gecko) Chrome/49.0.2623.22 Safari/537.36 SE 2.X MetaSr 1.0" "-" 10.100.136.64:80 200 0.014 0.014
10.100.0.1 - - [11/Nov/2016:00:01:00 +0800] "HEAD / HTTP/1.1" 301 0 "117.121.101.40" "-" - "curl/7.19.7 (x86_64-redhat-linux-gnu) libcurl/7.19.7 NSS/3.16.2.3 Basic ECC zlib/1.2.3 libidn/1.18 libssh2/1.4.2" "-" - - - 0.000
203.208.60.225 - - [11/Nov/2016:00:01:00 +0800] "GET /wenda/detail/313536 HTTP/1.1" 200 8142 "www.imooc.com" "-" - "Mozilla/5.0 (compatible; Googlebot/2.1; +http://www.google.com/bot.html)" "-" 10.100.136.64:80 200 0.778 0.778
10.100.0.1 - - [11/Nov/2016:00:01:00 +0800] "HEAD / HTTP/1.1" 301 0 "117.121.101.40" "-" - "curl/7.19.7 (x86_64-redhat-linux-gnu) libcurl/7.19.7 NSS/3.16.2.3 Basic ECC zlib/1.2.3 libidn/1.18 libssh2/1.4.2" "-" - - - 0.000
10.100.0.1 - - [11/Nov/2016:00:01:00 +0800] "HEAD / HTTP/1.1" 301 0 "117.121.101.40" "-" - "curl/7.19.7 (x86_64-redhat-linux-gnu) libcurl/7.19.7 NSS/3.16.2.3 Basic ECC zlib/1.2.3 libidn/1.18 libssh2/1.4.2" "-" - - - 0.000
10.100.0.1 - - [11/Nov/2016:00:01:00 +0800] "HEAD / HTTP/1.1" 301 0 "117.121.101.40" "-" - "curl/7.19.7 (x86_64-redhat-linux-gnu) libcurl/7.19.7 NSS/3.16.2.3 Basic ECC zlib/1.2.3 libidn/1.18 libssh2/1.4.2" "-" - - - 0.000
60.12.93.198 - - [11/Nov/2016:00:01:00 +0800] "POST /course/ajaxmediauser/ HTTP/1.1" 200 54 "www.imooc.com" "http://www.imooc.com/video/9595" mid=9595&time=59.965&learn_time=116.9 "Mozilla/5.0 (Windows NT 10.0; WOW64) AppleWebKit/537.36 (KHTML, like Gecko) Chrome/53.0.2785.104 Safari/537.36 Core/1.53.1708.400 QQBrowser/9.5.9635.400" "-" 10.100.134.244:80 200 0.036 0.036
121.204.169.239 - - [11/Nov/2016:00:01:00 +0800] "GET /wap/js/lib/jquery-2.1.0.min.js HTTP/1.1" 200 83657 "www.imooc.com" "http://www.imooc.com/course/codeintro?mid=405&_wapuid=2635856" - "Mozilla/5.0 (Linux; Android 6.0.1; ATH-CL00 Build/HONORATH-CL00; wv) AppleWebKit/537.36 (KHTML, like Gecko) Version/4.0 Chrome/49.0.2623.105 Mobile Safari/537.36mukewang/5.0.1 (Android 6.0.1; HONOR ATH-CL00 Build/HONORATH-CL00),Network WIFI" "-" 10.100.134.244:80 200 0.003 0.003
10.100.0.1 - - [11/Nov/2016:00:01:00 +0800] "HEAD / HTTP/1.1" 301 0 "117.121.101.40" "-" - "curl/7.19.7 (x86_64-redhat-linux-gnu) libcurl/7.19.7 NSS/3.16.2.3 Basic ECC zlib/1.2.3 libidn/1.18 libssh2/1.4.2" "-" - - - 0.000
119.98.115.244 - - [11/Nov/2016:00:01:00 +0800] "GET /article/ajaxcourserecommends?id=523 HTTP/1.1" 200 2228 "www.imooc.com" "http://www.imooc.com/video/12673" - "Mozilla/5.0 (Windows NT 10.0; WOW64) AppleWebKit/537.36 (KHTML, like Gecko) Chrome/53.0.2785.113 Safari/537.36" "-" 10.100.136.64:80 200 0.457 0.457
222.72.138.209 - - [11/Nov/2016:00:01:00 +0800] "POST /socket.io/1/ HTTP/1.1" 200 94 "chat.mukewang.com" "-" - "android-websockets-2.0" "-" 10.100.15.239:80 200 0.017 0.017
61.190.69.137 - - [11/Nov/2016:00:01:00 +0800] "POST /socket.io/1/ HTTP/1.1" 200 94 "chat.mukewang.com" "-" - "android-websockets-2.0" "-" 10.100.15.239:80 200 0.004 0.004
10.100.0.1 - - [11/Nov/2016:00:01:00 +0800] "HEAD / HTTP/1.1" 301 0 "117.121.101.40" "-" - "curl/7.19.7 (x86_64-redhat-linux-gnu) libcurl/7.19.7 NSS/3.16.2.3 Basic ECC zlib/1.2.3 libidn/1.18 libssh2/1.4.2" "-" - - - 0.000
1.80.146.99 - - [11/Nov/2016:00:01:00 +0800] "GET /static/img/idx-btm.png HTTP/1.1" 304 0 "www.imooc.com" "http://www.imooc.com/" - "Mozilla/5.0 (Windows NT 6.3; WOW64) AppleWebKit/537.36 (KHTML, like Gecko) Chrome/38.0.2125.122 Safari/537.36 SE 2.X MetaSr 1.0" "-" 10.100.136.64:80 304 0.001 0.001
1.80.146.99 - - [11/Nov/2016:00:01:00 +0800] "GET /static/img/common/footer-sprite.png?1 HTTP/1.1" 304 0 "www.imooc.com" "http://www.imooc.com/" - "Mozilla/5.0 (Windows NT 6.3; WOW64) AppleWebKit/537.36 (KHTML, like Gecko) Chrome/38.0.2125.122 Safari/537.36 SE 2.X MetaSr 1.0" "-" 10.100.134.244:80 304 0.001 0.001
10.100.0.1 - - [11/Nov/2016:00:01:00 +0800] "HEAD / HTTP/1.1" 301 0 "117.121.101.40" "-" - "curl/7.19.7 (x86_64-redhat-linux-gnu) libcurl/7.19.7 NSS/3.16.2.3 Basic ECC zlib/1.2.3 libidn/1.18 libssh2/1.4.2" "-" - - - 0.000
10.100.0.1 - - [11/Nov/2016:00:01:00 +0800] "HEAD / HTTP/1.1" 301 0 "117.121.101.40" "-" - "curl/7.19.7 (x86_64-redhat-linux-gnu) libcurl/7.19.7 NSS/3.16.2.3 Basic ECC zlib/1.2.3 libidn/1.18 libssh2/1.4.2" "-" - - - 0.000
10.100.0.1 - - [11/Nov/2016:00:01:00 +0800] "HEAD / HTTP/1.1" 301 0 "117.121.101.40" "-" - "curl/7.19.7 (x86_64-redhat-linux-gnu) libcurl/7.19.7 NSS/3.16.2.3 Basic ECC zlib/1.2.3 libidn/1.18 libssh2/1.4.2" "-" - - - 0.000
10.100.0.1 - - [11/Nov/2016:00:01:00 +0800] "HEAD / HTTP/1.1" 301 0 "117.121.101.40" "-" - "curl/7.19.7 (x86_64-redhat-linux-gnu) libcurl/7.19.7 NSS/3.16.2.3 Basic ECC zlib/1.2.3 libidn/1.18 libssh2/1.4.2" "-" - - - 0.000
58.248.192.33 - - [11/Nov/2016:00:01:00 +0800] "POST /course/ajaxmediauser/ HTTP/1.1" 200 54 "www.imooc.com" "http://www.imooc.com/video/1330" mid=1330&time=59.97600000000057&learn_time=54.6 "Mozilla/5.0 (Windows NT 10.0; Win64; x64) AppleWebKit/537.36 (KHTML, like Gecko) Chrome/46.0.2486.0 Safari/537.36 Edge/13.10586" "-" 10.100.136.65:80 200 0.016 0.017
10.100.0.1 - - [11/Nov/2016:00:01:00 +0800] "HEAD / HTTP/1.1" 301 0 "117.121.101.40" "-" - "curl/7.19.7 (x86_64-redhat-linux-gnu) libcurl/7.19.7 NSS/3.16.2.3 Basic ECC zlib/1.2.3 libidn/1.18 libssh2/1.4.2" "-" - - - 0.000
116.1.140.223 - - [11/Nov/2016:00:01:00 +0800] "GET /course/otherscode?mid=872&page=1&r=0.8945876569055425 HTTP/1.1" 200 3379 "www.imooc.com" "http://www.imooc.com/code/872" - "Mozilla/5.0 (Windows NT 10.0; WOW64; rv:49.0) Gecko/20100101 Firefox/49.0" "-" 10.100.134.244:80 200 0.194 0.194
10.100.0.1 - - [11/Nov/2016:00:01:00 +0800] "HEAD / HTTP/1.1" 301 0 "117.121.101.40" "-" - "curl/7.19.7 (x86_64-redhat-linux-gnu) libcurl/7.19.7 NSS/3.16.2.3 Basic ECC zlib/1.2.3 libidn/1.18 libssh2/1.4.2" "-" - - - 0.000
10.100.0.1 - - [11/Nov/2016:00:01:00 +0800] "HEAD / HTTP/1.1" 301 0 "117.121.101.40" "-" - "curl/7.19.7 (x86_64-redhat-linux-gnu) libcurl/7.19.7 NSS/3.16.2.3 Basic ECC zlib/1.2.3 libidn/1.18 libssh2/1.4.2" "-" - - - 0.000
10.100.0.1 - - [11/Nov/2016:00:01:00 +0800] "HEAD / HTTP/1.1" 301 0 "117.121.101.40" "-" - "curl/7.19.7 (x86_64-redhat-linux-gnu) libcurl/7.19.7 NSS/3.16.2.3 Basic ECC zlib/1.2.3 libidn/1.18 libssh2/1.4.2" "-" - - - 0.000
10.100.0.1 - - [11/Nov/2016:00:01:00 +0800] "HEAD / HTTP/1.1" 301 0 "117.121.101.40" "-" - "curl/7.19.7 (x86_64-redhat-linux-gnu) libcurl/7.19.7 NSS/3.16.2.3 Basic ECC zlib/1.2.3 libidn/1.18 libssh2/1.4.2" "-" - - - 0.000
10.100.0.1 - - [11/Nov/2016:00:01:00 +0800] "HEAD / HTTP/1.1" 301 0 "117.121.101.40" "-" - "curl/7.19.7 (x86_64-redhat-linux-gnu) libcurl/7.19.7 NSS/3.16.2.3 Basic ECC zlib/1.2.3 libidn/1.18 libssh2/1.4.2" "-" - - - 0.000
121.239.52.129 - - [11/Nov/2016:00:01:00 +0800] "POST /course/ajaxmediauser/ HTTP/1.1" 200 54 "www.imooc.com" "http://www.imooc.com/video/8844" mid=8844&time=60.000999999996566&learn_time=229.3 "Mozilla/5.0 (Windows NT 6.1; WOW64) AppleWebKit/537.36 (KHTML, like Gecko) Chrome/49.0.2623.22 Safari/537.36 SE 2.X MetaSr 1.0" "-" 10.100.134.244:80 200 0.032 0.032
117.144.180.66 - - [11/Nov/2016:00:01:00 +0800] "POST /course/ajaxmediauser/ HTTP/1.1" 200 54 "www.imooc.com" "http://www.imooc.com/video/2463" mid=2463&time=60.0010000000475&learn_time=685.3 "Mozilla/5.0 (Windows NT 10.0) AppleWebKit/537.36 (KHTML, like Gecko) Chrome/52.0.2716.0 Safari/537.36" "-" 10.100.134.244:80 200 0.025 0.025
10.100.0.1 - - [11/Nov/2016:00:01:00 +0800] "HEAD / HTTP/1.1" 301 0 "117.121.101.40" "-" - "curl/7.19.7 (x86_64-redhat-linux-gnu) libcurl/7.19.7 NSS/3.16.2.3 Basic ECC zlib/1.2.3 libidn/1.18 libssh2/1.4.2" "-" - - - 0.000
101.200.101.202 - - [11/Nov/2016:00:01:00 +0800] "GET /md5/e2d3156c-ed57-4539-8f98-a359246032e2/M/ba1c5a7c8e8442c5.ts HTTP/1.1" 304 0 "szv1.mukewang.com" "-" - "Dalvik/2.1.0 (Linux; U; Android 6.0; FRD-AL00 Build/HUAWEIFRD-AL00)" "47.89.8.10" 10.100.133.99:80 304 0.002 0.002
